[uiparadox.co.uk/templates/cricket-pulse/v3/index.html]
[backblue.gif]
[fade.gif]
[index.html]
[uiparadox.co.uk/templates/cricket-pulse/v3/assets/media/favicon.png]
[uiparadox.co.uk/templates/cricket-pulse/v3/assets/css/vendor/bootstrap.min.css]
[uiparadox.co.uk/templates/cricket-pulse/v3/assets/css/vendor/font-awesome.css]
[uiparadox.co.uk/templates/cricket-pulse/v3/assets/css/vendor/slick.css]
[uiparadox.co.uk/templates/cricket-pulse/v3/assets/css/vendor/slick-theme.css]
[uiparadox.co.uk/templates/cricket-pulse/v3/assets/css/vendor/aksVideoPlayer.css]
[uiparadox.co.uk/templates/cricket-pulse/v3/assets/css/app.css]
[uiparadox.co.uk/templates/cricket-pulse/v3/assets/media/vector/boll.png]
[uiparadox.co.uk/templates/cricket-pulse/v3/assets/media/logo.png]
[uiparadox.co.uk/templates/cricket-pulse/v3/about.html]
[uiparadox.co.uk/templates/cricket-pulse/v3/blog.html]
[uiparadox.co.uk/templates/cricket-pulse/v3/blog-detail.html]
[uiparadox.co.uk/templates/cricket-pulse/v3/gallery.html]
[uiparadox.co.uk/templates/cricket-pulse/v3/team.html]
[uiparadox.co.uk/templates/cricket-pulse/v3/player-detail.html]
[uiparadox.co.uk/templates/cricket-pulse/v3/match-result.html]
[uiparadox.co.uk/templates/cricket-pulse/v3/match-schedule.html]
[uiparadox.co.uk/templates/cricket-pulse/v3/faq.html]
[uiparadox.co.uk/templates/cricket-pulse/v3/contact.html]
[uiparadox.co.uk/templates/cricket-pulse/v3/assets/media/banner/side-image.png]
[uiparadox.co.uk/templates/cricket-pulse/v3/assets/media/brands/knights_Cricket_logo.png]
[uiparadox.co.uk/templates/cricket-pulse/v3/assets/media/brands/logo.png]
[uiparadox.co.uk/templates/cricket-pulse/v3/assets/media/brands/southafrica_cricket_logo.png]
[uiparadox.co.uk/templates/cricket-pulse/v3/assets/media/brands/action_cricket_logo.png]
[uiparadox.co.uk/templates/cricket-pulse/v3/assets/media/brands/cricketScotlandLogo.png]
[uiparadox.co.uk/templates/cricket-pulse/v3/assets/media/achievement/celebration-image.png]
[uiparadox.co.uk/templates/cricket-pulse/v3/assets/media/vs.png]
[uiparadox.co.uk/templates/cricket-pulse/v3/assets/media/brands/eagle.png]
[uiparadox.co.uk/templates/cricket-pulse/v3/assets/media/brands/wolves.png]
[uiparadox.co.uk/templates/cricket-pulse/v3/assets/media/gallery/img-1.png]
[uiparadox.co.uk/templates/cricket-pulse/v3/assets/media/gallery/img-2.png]
[uiparadox.co.uk/templates/cricket-pulse/v3/assets/media/gallery/img-3.png]
[uiparadox.co.uk/templates/cricket-pulse/v3/assets/media/gallery/img-4.png]
[uiparadox.co.uk/templates/cricket-pulse/v3/assets/media/gallery/img-5.png]
[uiparadox.co.uk/templates/cricket-pulse/v3/assets/media/gallery/img-6.png]
[uiparadox.co.uk/templates/cricket-pulse/v3/assets/media/cricketer/img-1.png]
[uiparadox.co.uk/templates/cricket-pulse/v3/assets/media/cricketer/img-2.png]
[uiparadox.co.uk/templates/cricket-pulse/v3/assets/media/cricketer/img-3.png]
[uiparadox.co.uk/templates/cricket-pulse/v3/assets/media/cricketer/img-4.png]
[uiparadox.co.uk/templates/cricket-pulse/v3/assets/media/testimonial/img-1.png]
[uiparadox.co.uk/templates/cricket-pulse/v3/assets/media/testimonial/img-2.png]
[uiparadox.co.uk/templates/cricket-pulse/v3/assets/media/testimonial/img-3.png]
[uiparadox.co.uk/templates/cricket-pulse/v3/assets/media/blog/img-1.png]
[uiparadox.co.uk/templates/cricket-pulse/v3/assets/media/blog/author.png]
[uiparadox.co.uk/templates/cricket-pulse/v3/assets/media/blog/reader.png]
[uiparadox.co.uk/templates/cricket-pulse/v3/tournaments.html]
[uiparadox.co.uk/templates/cricket-pulse/v3/assets/media/icons/Facebook.png]
[uiparadox.co.uk/templates/cricket-pulse/v3/assets/media/icons/Twitter.png]
[uiparadox.co.uk/templates/cricket-pulse/v3/assets/media/icons/Instagram.png]
[uiparadox.co.uk/templates/cricket-pulse/v3/assets/media/icons/Linkedin.png]
[uiparadox.co.uk/templates/cricket-pulse/v3/assets/js/vendor/jquery-3.6.3.min.js]
[uiparadox.co.uk/templates/cricket-pulse/v3/assets/js/vendor/bootstrap.min.js]
[uiparadox.co.uk/templates/cricket-pulse/v3/assets/js/vendor/slick.min.js]
[uiparadox.co.uk/templates/cricket-pulse/v3/assets/js/vendor/jquery-appear.js]
[uiparadox.co.uk/templates/cricket-pulse/v3/assets/js/vendor/jquery-validator.js]
[uiparadox.co.uk/templates/cricket-pulse/v3/assets/js/vendor/aksVideoPlayer.js]
[uiparadox.co.uk/templates/cricket-pulse/v3/assets/js/app.js]
[uiparadox.co.uk/templates/cricket-pulse/v3/index.html]
[uiparadox.co.uk/templates/cricket-pulse/v3/assets/css/vendor/bootstrap.min.css]
[uiparadox.co.uk/templates/cricket-pulse/v3/assets/css/fonts/fa-brands-400.eot]
[uiparadox.co.uk/templates/cricket-pulse/v3/assets/css/fonts/fa-brands-400d41d.eot]
[uiparadox.co.uk/templates/cricket-pulse/v3/assets/css/fonts/fa-brands-400.woff2]
[uiparadox.co.uk/templates/cricket-pulse/v3/assets/css/fonts/fa-brands-400.woff]
[uiparadox.co.uk/templates/cricket-pulse/v3/assets/css/fonts/fa-brands-400.ttf]
[uiparadox.co.uk/templates/cricket-pulse/v3/assets/css/fonts/fa-duotone-900.eot]
[uiparadox.co.uk/templates/cricket-pulse/v3/assets/css/fonts/fa-duotone-900d41d.eot]
[uiparadox.co.uk/templates/cricket-pulse/v3/assets/css/fonts/fa-brands-400.svg]
[uiparadox.co.uk/templates/cricket-pulse/v3/assets/css/fonts/fa-duotone-900.woff2]
[uiparadox.co.uk/templates/cricket-pulse/v3/assets/css/fonts/fa-duotone-900.woff]
[uiparadox.co.uk/templates/cricket-pulse/v3/assets/css/fonts/fa-duotone-900.ttf]
[uiparadox.co.uk/templates/cricket-pulse/v3/assets/css/fonts/fa-duotone-900.svg]
[uiparadox.co.uk/templates/cricket-pulse/v3/assets/css/fonts/fa-light-300.eot]
[uiparadox.co.uk/templates/cricket-pulse/v3/assets/css/fonts/fa-light-300d41d.eot]
[uiparadox.co.uk/templates/cricket-pulse/v3/assets/css/fonts/fa-light-300.woff2]
[uiparadox.co.uk/templates/cricket-pulse/v3/assets/css/fonts/fa-light-300.woff]
[uiparadox.co.uk/templates/cricket-pulse/v3/assets/css/fonts/fa-light-300.ttf]
[uiparadox.co.uk/templates/cricket-pulse/v3/assets/css/fonts/fa-light-300.svg]
[uiparadox.co.uk/templates/cricket-pulse/v3/assets/css/fonts/fa-regular-400.eot]
[uiparadox.co.uk/templates/cricket-pulse/v3/assets/css/fonts/fa-regular-400d41d.eot]
[uiparadox.co.uk/templates/cricket-pulse/v3/assets/css/fonts/fa-regular-400.woff2]
[uiparadox.co.uk/templates/cricket-pulse/v3/assets/css/fonts/fa-regular-400.woff]
[uiparadox.co.uk/templates/cricket-pulse/v3/assets/css/fonts/fa-regular-400.ttf]
[uiparadox.co.uk/templates/cricket-pulse/v3/assets/css/fonts/fa-regular-400.svg]
[uiparadox.co.uk/templates/cricket-pulse/v3/assets/css/fonts/fa-solid-900.eot]
[uiparadox.co.uk/templates/cricket-pulse/v3/assets/css/fonts/fa-solid-900d41d.eot]
[uiparadox.co.uk/templates/cricket-pulse/v3/assets/css/fonts/fa-solid-900.woff2]
[uiparadox.co.uk/templates/cricket-pulse/v3/assets/css/fonts/fa-solid-900.woff]
[uiparadox.co.uk/templates/cricket-pulse/v3/assets/css/fonts/fa-solid-900.ttf]
[uiparadox.co.uk/templates/cricket-pulse/v3/assets/css/vendor/font-awesome.css]
[uiparadox.co.uk/templates/cricket-pulse/v3/assets/css/vendor/slick.css]
[uiparadox.co.uk/templates/cricket-pulse/v3/assets/css/fonts/ajax-loader.gif]
[uiparadox.co.uk/templates/cricket-pulse/v3/assets/css/vendor/slick-theme.css]
[uiparadox.co.uk/templates/cricket-pulse/v3/assets/css/vendor/aksVideoPlayer.css]
[uiparadox.co.uk/templates/cricket-pulse/v3/assets/css/fonts/fa-solid-900.svg]
[uiparadox.co.uk/templates/cricket-pulse/v3/assets/media/backgrounds/bg-5.png]
[uiparadox.co.uk/templates/cricket-pulse/v3/assets/media/banner/hero-banner-bottom-vector.png]
[uiparadox.co.uk/templates/cricket-pulse/v3/assets/media/backgrounds/bg-3.png]
[uiparadox.co.uk/templates/cricket-pulse/v3/assets/media/match-result/bg-vector.png]
[uiparadox.co.uk/templates/cricket-pulse/v3/assets/media/achievement/rectangle.png]
[uiparadox.co.uk/templates/cricket-pulse/v3/assets/media/backgrounds/bg.png]
[uiparadox.co.uk/templates/cricket-pulse/v3/assets/media/backgrounds/bg-4.png]
[uiparadox.co.uk/templates/cricket-pulse/v3/assets/media/backgrounds/bg-2.png]
[uiparadox.co.uk/templates/cricket-pulse/v3/assets/media/vector/arrow.png]
[uiparadox.co.uk/templates/cricket-pulse/v3/assets/media/vector/bg-vector.png]
[uiparadox.co.uk/templates/cricket-pulse/v3/assets/media/backgrounds/bg-vector.png]
[uiparadox.co.uk/templates/cricket-pulse/v3/assets/css/app.css]
[uiparadox.co.uk/templates/cricket-pulse/v3/assets/media/blog/reader-2.png]
[uiparadox.co.uk/templates/cricket-pulse/v3/assets/media/about/img.png]
[uiparadox.co.uk/templates/cricket-pulse/v3/about.html]
[uiparadox.co.uk/templates/cricket-pulse/v3/assets/media/blog/img-2.png]
[uiparadox.co.uk/templates/cricket-pulse/v3/assets/media/blog/img-3.png]
[uiparadox.co.uk/templates/cricket-pulse/v3/assets/media/blog/img-4.png]
[uiparadox.co.uk/templates/cricket-pulse/v3/assets/media/blog/img-5.png]
[uiparadox.co.uk/templates/cricket-pulse/v3/assets/media/blog/img-6.png]
[uiparadox.co.uk/templates/cricket-pulse/v3/assets/media/blog/img-7.png]
[uiparadox.co.uk/templates/cricket-pulse/v3/assets/media/blog/img-8.png]
[uiparadox.co.uk/templates/cricket-pulse/v3/assets/media/blog/img-9.png]
[uiparadox.co.uk/templates/cricket-pulse/v3/assets/media/blog/img-10.png]
[uiparadox.co.uk/templates/cricket-pulse/v3/blog.html]
[uiparadox.co.uk/templates/cricket-pulse/v3/assets/media/blog/img-11.png]
[uiparadox.co.uk/templates/cricket-pulse/v3/assets/media/blog/author-2.png]
[uiparadox.co.uk/templates/cricket-pulse/v3/assets/media/blog/img-12.png]
[uiparadox.co.uk/templates/cricket-pulse/v3/assets/media/blog/img-13.png]
[uiparadox.co.uk/templates/cricket-pulse/v3/assets/media/blog/img-14.png]
[uiparadox.co.uk/templates/cricket-pulse/v3/assets/media/blog/img-15.png]
[uiparadox.co.uk/templates/cricket-pulse/v3/assets/media/blog/img-16.png]
[uiparadox.co.uk/templates/cricket-pulse/v3/assets/media/blog/img-17.png]
[uiparadox.co.uk/templates/cricket-pulse/v3/assets/media/instagram/img-1.png]
[uiparadox.co.uk/templates/cricket-pulse/v3/assets/media/instagram/img-2.png]
[uiparadox.co.uk/templates/cricket-pulse/v3/assets/media/instagram/img-3.png]
[uiparadox.co.uk/templates/cricket-pulse/v3/assets/media/instagram/img-4.png]
[uiparadox.co.uk/templates/cricket-pulse/v3/assets/media/instagram/img-5.png]
[uiparadox.co.uk/templates/cricket-pulse/v3/assets/media/instagram/img-6.png]
[uiparadox.co.uk/templates/cricket-pulse/v3/blog-detail.html]
[uiparadox.co.uk/templates/cricket-pulse/v3/gallery.html]
[uiparadox.co.uk/templates/cricket-pulse/v3/assets/media/cricketer/img-5.png]
[uiparadox.co.uk/templates/cricket-pulse/v3/assets/media/cricketer/img-6.png]
[uiparadox.co.uk/templates/cricket-pulse/v3/assets/media/cricketer/img-7.png]
[uiparadox.co.uk/templates/cricket-pulse/v3/assets/media/cricketer/img-8.png]
[uiparadox.co.uk/templates/cricket-pulse/v3/assets/media/cricketer/img-9.png]
[uiparadox.co.uk/templates/cricket-pulse/v3/team.html]
[uiparadox.co.uk/templates/cricket-pulse/v3/assets/media/vector/vector.png]
[uiparadox.co.uk/templates/cricket-pulse/v3/assets/media/cricketer/img-10.png]
[uiparadox.co.uk/templates/cricket-pulse/v3/player-detail.html]
[uiparadox.co.uk/templates/cricket-pulse/v3/match-result.html]
[uiparadox.co.uk/templates/cricket-pulse/v3/match-schedule.html]
[uiparadox.co.uk/templates/cricket-pulse/v3/faq.html]
[uiparadox.co.uk/templates/cricket-pulse/v3/assets/js/vendor/sal.js]
[uiparadox.co.uk/templates/cricket-pulse/v3/contact.html]
[uiparadox.co.uk/templates/cricket-pulse/v3/tournaments.html]
[uiparadox.co.uk/templates/cricket-pulse/v3/assets/css/fonts/fa-brands-400.svg]
[uiparadox.co.uk/templates/cricket-pulse/v3/assets/css/fonts/fa-duotone-900.html]
[uiparadox.co.uk/templates/cricket-pulse/v3/assets/css/fonts/fa-light-300.html]
[uiparadox.co.uk/templates/cricket-pulse/v3/assets/css/fonts/fa-regular-400.svg]
[uiparadox.co.uk/templates/cricket-pulse/v3/assets/css/fonts/fa-solid-900.svg]
[uiparadox.co.uk/templates/cricket-pulse/v3/assets/js/vendor/sal.html]
